--- PHASE 1: SYMPTOM ANALYSIS ---
[Orchestrator] Task: SYMPTOMS | Engine: Groq
[GroqService] Calling Cloud LPU | Model: qwen/qwen3-32b
Symptom Response Received: <think>
Okay, the user is experiencing a headache and nausea. Let me start by considering the possib ...

--- PHASE 2: MEDICINE COMPATIBILITY ---
[Orchestrator] Task: MEDICINE_EXPLANATION | Engine: Groq
[GroqService] Calling Cloud LPU | Model: qwen/qwen3-32b
Medicine Response Received: <think>
Okay, let's tackle this query about Aspirin and Warfarin. The user probably wants to know ho ...

--- PHASE 3: AI DOCTOR CHAT ---
[Orchestrator] Task: AI_DOCTOR | Engine: Groq
[GroqService] Calling Cloud LPU | Model: qwen/qwen3-32b
Chat Response Received: <think>
Okay, the user says they feel dizzy. First, I need to consider possible causes. Dizziness ca ...
